mvn : Can't load log handler "1catalina.org.apache.juli.AsyncFileHandler"
No linha:1 caractere:1
+ mvn -q compile > compile_output.txt 2>&1 ; if ($LASTEXITCODE -eq 0) { ...
+ ~~~~~~~~~~~~~~~~~~~~~~~~~~~~~~~~~~~~~~~~
    + CategoryInfo          : NotSpecified: (Can't load log ...yncFileHandler" 
   :String) [], RemoteException
    + FullyQualifiedErrorId : NativeCommandError
 
java.lang.ClassNotFoundException: 1catalina.org.apache.juli.AsyncFileHandler
java.lang.ClassNotFoundException: 1catalina.org.apache.juli.AsyncFileHandler
	at java.base/jdk.internal.loader.BuiltinClassLoader.loadClass(BuiltinClassLoad
er.java:580)
	at java.base/java.lang.ClassLoader.loadClass(ClassLoader.java:490)
	at java.logging/java.util.logging.LogManager.createLoggerHandlers(LogManager.j
ava:919)
	at java.logging/java.util.logging.LogManager.loadLoggerHandlers(LogManager.jav
a:892)
	at java.logging/java.util.logging.LogManager.addLogger(LogManager.java:1118)
	at java.logging/java.util.logging.LogManager.ensureLogManagerInitialized(LogMa
nager.java:369)
	at 
java.logging/java.util.logging.LogManager.getLogManager(LogManager.java:398)
	at java.logging/java.util.logging.Logger.demandLogger(Logger.java:638)
	at java.logging/java.util.logging.Logger.getLogger(Logger.java:708)
	at java.logging/java.util.logging.Logger.getLogger(Logger.java:691)
	at com.google.inject.internal.util.ContinuousStopwatch.<init>(ContinuousStopwa
tch.java:32)
	at com.google.inject.internal.InternalInjectorCreator.<init>(InternalInjectorC
reator.java:64)
	at com.google.inject.Guice.createInjector(Guice.java:87)
	at com.google.inject.Guice.createInjector(Guice.java:69)
	at com.google.inject.Guice.createInjector(Guice.java:59)
	at org.codehaus.plexus.DefaultPlexusContainer.addPlexusInjector(DefaultPlexusC
ontainer.java:438)
	at org.codehaus.plexus.DefaultPlexusContainer.<init>(DefaultPlexusContainer.ja
va:200)
	at org.apache.maven.cli.MavenCli.container(MavenCli.java:660)
	at org.apache.maven.cli.MavenCli.doMain(MavenCli.java:279)
	at org.apache.maven.cli.MavenCli.main(MavenCli.java:207)
	at java.base/jdk.internal.reflect.DirectMethodHandleAccessor.invoke(DirectMeth
odHandleAccessor.java:104)
	at java.base/java.lang.reflect.Method.invoke(Method.java:565)
	at org.codehaus.plexus.classworlds.launcher.Launcher.launchEnhanced(Launcher.j
ava:255)
	at org.codehaus.plexus.classworlds.launcher.Launcher.launch(Launcher.java:201)
	at org.codehaus.plexus.classworlds.launcher.Launcher.mainWithExitCode(Launcher
.java:361)
	at org.codehaus.plexus.classworlds.launcher.Launcher.main(Launcher.java:314)
Can't load log handler "1catalina.org.apache.juli.AsyncFileHandler"
java.lang.ClassNotFoundException: 1catalina.org.apache.juli.AsyncFileHandler
java.lang.ClassNotFoundException: 1catalina.org.apache.juli.AsyncFileHandler
	at java.base/jdk.internal.loader.BuiltinClassLoader.loadClass(BuiltinClassLoad
er.java:580)
	at java.base/java.lang.ClassLoader.loadClass(ClassLoader.java:490)
	at java.logging/java.util.logging.LogManager.createLoggerHandlers(LogManager.j
ava:919)
	at java.logging/java.util.logging.LogManager.loadLoggerHandlers(LogManager.jav
a:892)
	at java.logging/java.util.logging.LogManager.initializeGlobalHandlers(LogManag
er.java:2274)
	at java.logging/java.util.logging.LogManager$RootLogger.addHandler(LogManager.
java:2345)
	at java.logging/java.util.logging.LogManager.setLoggerHandlers(LogManager.java
:903)
	at java.logging/java.util.logging.LogManager.loadLoggerHandlers(LogManager.jav
a:891)
	at java.logging/java.util.logging.LogManager.addLogger(LogManager.java:1118)
	at java.logging/java.util.logging.LogManager.ensureLogManagerInitialized(LogMa
nager.java:369)
	at 
java.logging/java.util.logging.LogManager.getLogManager(LogManager.java:398)
	at java.logging/java.util.logging.Logger.demandLogger(Logger.java:638)
	at java.logging/java.util.logging.Logger.getLogger(Logger.java:708)
	at java.logging/java.util.logging.Logger.getLogger(Logger.java:691)
	at com.google.inject.internal.util.ContinuousStopwatch.<init>(ContinuousStopwa
tch.java:32)
	at com.google.inject.internal.InternalInjectorCreator.<init>(InternalInjectorC
reator.java:64)
	at com.google.inject.Guice.createInjector(Guice.java:87)
	at com.google.inject.Guice.createInjector(Guice.java:69)
	at com.google.inject.Guice.createInjector(Guice.java:59)
	at org.codehaus.plexus.DefaultPlexusContainer.addPlexusInjector(DefaultPlexusC
ontainer.java:438)
	at org.codehaus.plexus.DefaultPlexusContainer.<init>(DefaultPlexusContainer.ja
va:200)
	at org.apache.maven.cli.MavenCli.container(MavenCli.java:660)
	at org.apache.maven.cli.MavenCli.doMain(MavenCli.java:279)
	at org.apache.maven.cli.MavenCli.main(MavenCli.java:207)
	at java.base/jdk.internal.reflect.DirectMethodHandleAccessor.invoke(DirectMeth
odHandleAccessor.java:104)
	at java.base/java.lang.reflect.Method.invoke(Method.java:565)
	at org.codehaus.plexus.classworlds.launcher.Launcher.launchEnhanced(Launcher.j
ava:255)
	at org.codehaus.plexus.classworlds.launcher.Launcher.launch(Launcher.java:201)
	at org.codehaus.plexus.classworlds.launcher.Launcher.mainWithExitCode(Launcher
.java:361)
	at org.codehaus.plexus.classworlds.launcher.Launcher.main(Launcher.java:314)
Can't load log handler "2localhost.org.apache.juli.AsyncFileHandler"
java.lang.ClassNotFoundException: 2localhost.org.apache.juli.AsyncFileHandler
java.lang.ClassNotFoundException: 2localhost.org.apache.juli.AsyncFileHandler
	at java.base/jdk.internal.loader.BuiltinClassLoader.loadClass(BuiltinClassLoad
er.java:580)
	at java.base/java.lang.ClassLoader.loadClass(ClassLoader.java:490)
	at java.logging/java.util.logging.LogManager.createLoggerHandlers(LogManager.j
ava:919)
	at java.logging/java.util.logging.LogManager.loadLoggerHandlers(LogManager.jav
a:892)
	at java.logging/java.util.logging.LogManager.initializeGlobalHandlers(LogManag
er.java:2274)
	at java.logging/java.util.logging.LogManager$RootLogger.addHandler(LogManager.
java:2345)
	at java.logging/java.util.logging.LogManager.setLoggerHandlers(LogManager.java
:903)
	at java.logging/java.util.logging.LogManager.loadLoggerHandlers(LogManager.jav
a:891)
	at java.logging/java.util.logging.LogManager.addLogger(LogManager.java:1118)
	at java.logging/java.util.logging.LogManager.ensureLogManagerInitialized(LogMa
nager.java:369)
	at 
java.logging/java.util.logging.LogManager.getLogManager(LogManager.java:398)
	at java.logging/java.util.logging.Logger.demandLogger(Logger.java:638)
	at java.logging/java.util.logging.Logger.getLogger(Logger.java:708)
	at java.logging/java.util.logging.Logger.getLogger(Logger.java:691)
	at com.google.inject.internal.util.ContinuousStopwatch.<init>(ContinuousStopwa
tch.java:32)
	at com.google.inject.internal.InternalInjectorCreator.<init>(InternalInjectorC
reator.java:64)
	at com.google.inject.Guice.createInjector(Guice.java:87)
	at com.google.inject.Guice.createInjector(Guice.java:69)
	at com.google.inject.Guice.createInjector(Guice.java:59)
	at org.codehaus.plexus.DefaultPlexusContainer.addPlexusInjector(DefaultPlexusC
ontainer.java:438)
	at org.codehaus.plexus.DefaultPlexusContainer.<init>(DefaultPlexusContainer.ja
va:200)
	at org.apache.maven.cli.MavenCli.container(MavenCli.java:660)
	at org.apache.maven.cli.MavenCli.doMain(MavenCli.java:279)
	at org.apache.maven.cli.MavenCli.main(MavenCli.java:207)
	at java.base/jdk.internal.reflect.DirectMethodHandleAccessor.invoke(DirectMeth
odHandleAccessor.java:104)
	at java.base/java.lang.reflect.Method.invoke(Method.java:565)
	at org.codehaus.plexus.classworlds.launcher.Launcher.launchEnhanced(Launcher.j
ava:255)
	at org.codehaus.plexus.classworlds.launcher.Launcher.launch(Launcher.java:201)
	at org.codehaus.plexus.classworlds.launcher.Launcher.mainWithExitCode(Launcher
.java:361)
	at org.codehaus.plexus.classworlds.launcher.Launcher.main(Launcher.java:314)
Can't load log handler "3manager.org.apache.juli.AsyncFileHandler"
java.lang.ClassNotFoundException: 3manager.org.apache.juli.AsyncFileHandler
java.lang.ClassNotFoundException: 3manager.org.apache.juli.AsyncFileHandler
	at java.base/jdk.internal.loader.BuiltinClassLoader.loadClass(BuiltinClassLoad
er.java:580)
	at java.base/java.lang.ClassLoader.loadClass(ClassLoader.java:490)
	at java.logging/java.util.logging.LogManager.createLoggerHandlers(LogManager.j
ava:919)
	at java.logging/java.util.logging.LogManager.loadLoggerHandlers(LogManager.jav
a:892)
	at java.logging/java.util.logging.LogManager.initializeGlobalHandlers(LogManag
er.java:2274)
	at java.logging/java.util.logging.LogManager$RootLogger.addHandler(LogManager.
java:2345)
	at java.logging/java.util.logging.LogManager.setLoggerHandlers(LogManager.java
:903)
	at java.logging/java.util.logging.LogManager.loadLoggerHandlers(LogManager.jav
a:891)
	at java.logging/java.util.logging.LogManager.addLogger(LogManager.java:1118)
	at java.logging/java.util.logging.LogManager.ensureLogManagerInitialized(LogMa
nager.java:369)
	at 
java.logging/java.util.logging.LogManager.getLogManager(LogManager.java:398)
	at java.logging/java.util.logging.Logger.demandLogger(Logger.java:638)
	at java.logging/java.util.logging.Logger.getLogger(Logger.java:708)
	at java.logging/java.util.logging.Logger.getLogger(Logger.java:691)
	at com.google.inject.internal.util.ContinuousStopwatch.<init>(ContinuousStopwa
tch.java:32)
	at com.google.inject.internal.InternalInjectorCreator.<init>(InternalInjectorC
reator.java:64)
	at com.google.inject.Guice.createInjector(Guice.java:87)
	at com.google.inject.Guice.createInjector(Guice.java:69)
	at com.google.inject.Guice.createInjector(Guice.java:59)
	at org.codehaus.plexus.DefaultPlexusContainer.addPlexusInjector(DefaultPlexusC
ontainer.java:438)
	at org.codehaus.plexus.DefaultPlexusContainer.<init>(DefaultPlexusContainer.ja
va:200)
	at org.apache.maven.cli.MavenCli.container(MavenCli.java:660)
	at org.apache.maven.cli.MavenCli.doMain(MavenCli.java:279)
	at org.apache.maven.cli.MavenCli.main(MavenCli.java:207)
	at java.base/jdk.internal.reflect.DirectMethodHandleAccessor.invoke(DirectMeth
odHandleAccessor.java:104)
	at java.base/java.lang.reflect.Method.invoke(Method.java:565)
	at org.codehaus.plexus.classworlds.launcher.Launcher.launchEnhanced(Launcher.j
ava:255)
	at org.codehaus.plexus.classworlds.launcher.Launcher.launch(Launcher.java:201)
	at org.codehaus.plexus.classworlds.launcher.Launcher.mainWithExitCode(Launcher
.java:361)
	at org.codehaus.plexus.classworlds.launcher.Launcher.main(Launcher.java:314)
Can't load log handler "4host-manager.org.apache.juli.AsyncFileHandler"
java.lang.ClassNotFoundException: 
4host-manager.org.apache.juli.AsyncFileHandler
java.lang.ClassNotFoundException: 
4host-manager.org.apache.juli.AsyncFileHandler
	at java.base/jdk.internal.loader.BuiltinClassLoader.loadClass(BuiltinClassLoad
er.java:580)
	at java.base/java.lang.ClassLoader.loadClass(ClassLoader.java:490)
	at java.logging/java.util.logging.LogManager.createLoggerHandlers(LogManager.j
ava:919)
	at java.logging/java.util.logging.LogManager.loadLoggerHandlers(LogManager.jav
a:892)
	at java.logging/java.util.logging.LogManager.initializeGlobalHandlers(LogManag
er.java:2274)
	at java.logging/java.util.logging.LogManager$RootLogger.addHandler(LogManager.
java:2345)
	at java.logging/java.util.logging.LogManager.setLoggerHandlers(LogManager.java
:903)
	at java.logging/java.util.logging.LogManager.loadLoggerHandlers(LogManager.jav
a:891)
	at java.logging/java.util.logging.LogManager.addLogger(LogManager.java:1118)
	at java.logging/java.util.logging.LogManager.ensureLogManagerInitialized(LogMa
nager.java:369)
	at 
java.logging/java.util.logging.LogManager.getLogManager(LogManager.java:398)
	at java.logging/java.util.logging.Logger.demandLogger(Logger.java:638)
	at java.logging/java.util.logging.Logger.getLogger(Logger.java:708)
	at java.logging/java.util.logging.Logger.getLogger(Logger.java:691)
	at com.google.inject.internal.util.ContinuousStopwatch.<init>(ContinuousStopwa
tch.java:32)
	at com.google.inject.internal.InternalInjectorCreator.<init>(InternalInjectorC
reator.java:64)
	at com.google.inject.Guice.createInjector(Guice.java:87)
	at com.google.inject.Guice.createInjector(Guice.java:69)
	at com.google.inject.Guice.createInjector(Guice.java:59)
	at org.codehaus.plexus.DefaultPlexusContainer.addPlexusInjector(DefaultPlexusC
ontainer.java:438)
	at org.codehaus.plexus.DefaultPlexusContainer.<init>(DefaultPlexusContainer.ja
va:200)
	at org.apache.maven.cli.MavenCli.container(MavenCli.java:660)
	at org.apache.maven.cli.MavenCli.doMain(MavenCli.java:279)
	at org.apache.maven.cli.MavenCli.main(MavenCli.java:207)
	at java.base/jdk.internal.reflect.DirectMethodHandleAccessor.invoke(DirectMeth
odHandleAccessor.java:104)
	at java.base/java.lang.reflect.Method.invoke(Method.java:565)
	at org.codehaus.plexus.classworlds.launcher.Launcher.launchEnhanced(Launcher.j
ava:255)
	at org.codehaus.plexus.classworlds.launcher.Launcher.launch(Launcher.java:201)
	at org.codehaus.plexus.classworlds.launcher.Launcher.mainWithExitCode(Launcher
.java:361)
	at org.codehaus.plexus.classworlds.launcher.Launcher.main(Launcher.java:314)
COMPILE_SUCCESS
